// Jest Snapshot v1, https://goo.gl/fbAQLP

exports[`<MovieCard/> renderes with correct text 1`] = `
Array [
  " ",
  <div
    className="movieCardMainContainer"
    data-testid="movieCard"
    onClick={[Function]}
  >
    <div
      className="movieCardInnerDiv"
    >
      <div
        className="movieCardImageDiv"
      >
        <img
          className="movieCardImage"
          src="https://imdb-api.com/images/original/MV5BMTc5MDE2ODcwNV5BMl5BanBnXkFtZTgwMzI2NzQ2NzM@._V1_Ratio0.7273_AL_.jpg"
        />
      </div>
      <div
        className="movieCardInfoSectionContainer"
      >
        <div
          className="heartIconDiv"
          onClick={[Function]}
        >
          <i
            className="fas fa-heart  "
          />
        </div>
        <div
          className="movieCardInfoSection"
        >
          <span>
            Avengers Endgame
             
            (2019)
             
          </span>
          <span>
             
            Superhero /Action
          </span>
          <span
            className="movieDirectorSpan"
            onClick={[Function]}
            style={
              Object {
                "width": "fit-content",
              }
            }
          >
            Joe Russo, Anthony Russo
          </span>
        </div>
        <div
          className="accordion-title"
          onClick={[Function]}
        >
          <div>
            +
          </div>
        </div>
      </div>
    </div>
  </div>,
  " ",
]
`;
